?? Starting Full Generation Test...
[PostGen] [manual] Operation started at: 2025-12-23T00:22:43.954Z
[PostGen] Checking Environment Variables:
- SUPABASE_URL: OK
- SERVICE_KEY: OK
- GEMINI_KEY: OK
[PostGen] Attempting with model: gemini-2.0-flash
node.exe : [PostGen] g
emini-2.0-flash failed
 with status 429: {
위치 줄:1 문자:1
+ & "C:\Program Files\
nodejs/node.exe" "C:\P
rogram Files\nodejs/no
de_mo ...
+ ~~~~~~~~~~~~~~~~~~~~
~~~~~~~~~~~~~~~~~~~~~~
~~~~~~~~~~~~~~~~~~~~~~
~~~~~
    + CategoryInfo    
          : NotSpeci  
  fied: ([PostGen]    
 gemin...h status     
429: {:String) []    ,
 RemoteException
    + FullyQualifiedE 
   rrorId : NativeCo  
  mmandError
 
  "error": {
    "code": 429,
    "message": "You ex
ceeded your current qu
ota, please check your
 plan and billing deta
ils. For more informat
ion on this error, hea
d to: https://ai.googl
e.dev/gemini-a
[PostGen] Error with g
emini-2.0-flash: Model
 gemini-2.0-flash Erro
r: 429 {
  "error": {
    "code": 429,
    "message": "You ex
ceeded your current qu
ota, please check your
 plan and billing deta
ils. For more informat
ion on this error, hea
d ...
[PostGen] Attempting with model: gemini-2.5-pro
[PostGen] gemini-2.5-p
ro failed with status 
429: {
  "error": {
    "code": 429,
    "message": "You ex
ceeded your current qu
ota, please check your
 plan and billing deta
ils. For more informat
ion on this error, hea
d to: https://ai.googl
e.dev/gemini-a
[PostGen] Attempting with model: gemini-2.5-flash
[PostGen] Error with g
emini-2.5-pro: Model g
emini-2.5-pro Error: 4
29 {
  "error": {
    "code": 429,
    "message": "You ex
ceeded your current qu
ota, please check your
 plan and billing deta
ils. For more informat
ion on this error, hea
d to...
[PostGen] Success with model: gemini-2.5-flash
[PostGen] Successfully published: ?꾩＜ ?꾩궛援??쒖떊???깊겕?留됲옒

??SUCCESS! (Took 22.17s)
Title: ?꾩＜ ?꾩궛援??쒖떊???깊겕?留됲옒
Keyword: ?꾩＜ ?꾩궛援??쒖떊???깊겕?留됲옒
Image: https://image.pollinations.ai/prompt/kitchen%20sink%20filled%20with%20dirty%20yellowish%20water%20and%20food%20waste%2C%20typical%20Korean%20home%20kitchen%20sink%20strainer%20blocked%2C%20realistic%2C%20photo%2C%204k%2C%20taken%20in%20Korea%2C%20highly%20detailed?width=1024&height=768&seed=1766520577&nologo=true
